// Jest Snapshot v1, https://jestjs.io/docs/snapshot-testing

exports[`ChartComponent Snapshot matches snapshot when loaded 1`] = `
<div>
  <div
    class="flex flex-col relative overflow-hidden h-auto text-foreground box-border bg-content1 outline-none data-[focus-visible=true]:z-10 data-[focus-visible=true]:outline-2 data-[focus-visible=true]:outline-focus data-[focus-visible=true]:outline-offset-2 shadow-medium rounded-large transition-transform-background motion-reduce:transition-none w-full"
    tabindex="-1"
  >
    <div
      class="p-3 z-10 w-full shrink-0 overflow-inherit color-inherit subpixel-antialiased rounded-t-large flex justify-between items-center"
    >
      <div>
        <h3
          class="text-lg font-semibold"
        >
          BTC
           Price History
        </h3>
        <p
          class="text-sm text-gray-500"
        >
          Last hour
        </p>
      </div>
      <div
        class="inline-flex items-center justify-center h-auto"
        role="group"
      >
        <button
          class="z-0 group relative inline-flex items-center justify-center box-border appearance-none select-none whitespace-nowrap font-normal subpixel-antialiased overflow-hidden tap-highlight-transparent transform-gpu data-[pressed=true]:scale-[0.97] outline-none data-[focus-visible=true]:z-10 data-[focus-visible=true]:outline-2 data-[focus-visible=true]:outline-focus data-[focus-visible=true]:outline-offset-2 px-3 min-w-16 h-8 text-tiny gap-2 [&:not(:first-child):not(:last-child)]:rounded-none [&>svg]:max-w-[theme(spacing.8)] transition-transform-colors-opacity motion-reduce:transition-none bg-primary text-primary-foreground rounded-none first:rounded-s-small last:rounded-e-small data-[hover=true]:opacity-hover"
          data-react-aria-pressable="true"
          tabindex="0"
          type="button"
        >
          1H
        </button>
        <button
          class="z-0 group relative inline-flex items-center justify-center box-border appearance-none select-none whitespace-nowrap font-normal subpixel-antialiased overflow-hidden tap-highlight-transparent transform-gpu data-[pressed=true]:scale-[0.97] outline-none data-[focus-visible=true]:z-10 data-[focus-visible=true]:outline-2 data-[focus-visible=true]:outline-focus data-[focus-visible=true]:outline-offset-2 border-medium px-3 min-w-16 h-8 text-tiny gap-2 [&:not(:first-child):not(:last-child)]:rounded-none [&>svg]:max-w-[theme(spacing.8)] transition-transform-colors-opacity motion-reduce:transition-none bg-transparent border-default text-foreground rounded-none first:rounded-s-small last:rounded-e-small [&+.border-medium.border-default]:ms-[calc(theme(borderWidth.medium)*-1)] data-[hover=true]:opacity-hover"
          data-react-aria-pressable="true"
          tabindex="0"
          type="button"
        >
          24H
        </button>
        <button
          class="z-0 group relative inline-flex items-center justify-center box-border appearance-none select-none whitespace-nowrap font-normal subpixel-antialiased overflow-hidden tap-highlight-transparent transform-gpu data-[pressed=true]:scale-[0.97] outline-none data-[focus-visible=true]:z-10 data-[focus-visible=true]:outline-2 data-[focus-visible=true]:outline-focus data-[focus-visible=true]:outline-offset-2 border-medium px-3 min-w-16 h-8 text-tiny gap-2 [&:not(:first-child):not(:last-child)]:rounded-none [&>svg]:max-w-[theme(spacing.8)] transition-transform-colors-opacity motion-reduce:transition-none bg-transparent border-default text-foreground rounded-none first:rounded-s-small last:rounded-e-small [&+.border-medium.border-default]:ms-[calc(theme(borderWidth.medium)*-1)] data-[hover=true]:opacity-hover"
          data-react-aria-pressable="true"
          tabindex="0"
          type="button"
        >
          7D
        </button>
      </div>
    </div>
    <div
      class="relative flex w-full p-3 flex-auto flex-col place-content-inherit align-items-inherit h-auto break-words text-left overflow-y-auto subpixel-antialiased"
    >
      <div
        data-testid="responsive-container"
      >
        <div
          data-points="60"
          data-testid="line-chart"
        >
          <div
            data-testid="cartesian-grid"
          />
          <div
            data-testid="x-axis"
          />
          <div
            data-testid="y-axis"
          />
          <div
            data-testid="tooltip"
          />
          <div
            data-testid="line"
          />
        </div>
      </div>
    </div>
  </div>
</div>
`;
